[36mvite v8.0.13 [32mbuilding client environment for production...[36m[39m
[2Ktransforming...✓ 2484 modules transformed.
rendering chunks...
computing gzip size...
dist/index.html                                              0.46 kB │ gzip:   0.30 kB
dist/assets/geist-cyrillic-ext-wght-normal-DjL33-gN.woff2    7.42 kB
dist/assets/geist-vietnamese-wght-normal-6IgcOCM7.woff2      8.00 kB
dist/assets/geist-cyrillic-wght-normal-BEAKL7Jp.woff2       15.08 kB
dist/assets/geist-latin-ext-wght-normal-DC-KSUi6.woff2      16.51 kB
dist/assets/geist-latin-wght-normal-BgDaEnEv.woff2          29.40 kB
dist/assets/index-CMX6sr0W.css                              84.19 kB │ gzip:  14.10 kB
dist/assets/index-eo5tB2pN.js                              853.06 kB │ gzip: 253.68 kB

[32m✓ built in 7.71s[39m
[33m[plugin builtin:vite-reporter] 
(!) Some chunks are larger than 500 kB after minification. Consider:
- Using dynamic import() to code-split the application
- Use build.rolldownOptions.output.codeSplitting to improve chunking: https://rolldown.rs/reference/OutputOptions.codeSplitting
- Adjust chunk size limit for this warning via build.chunkSizeWarningLimit.[39m
